// scc autogenerated file.

import scc.std;

int main()
{
    return 0;
}
