// scc autogenerated file.

import scc.std;

int main()
{
    {
        int from {};
        int to { 10 };
        int sum {};

        for (; from < to; from += 1)
        {
            sum += from;
            scc::std::println("from 1 to {}, sum = {}", from, sum);
        }
    }
    return 0;
}
