// scc autogenerated file.

import scc.std;

// function declarations
int fib(int n);
int main();

// function definitions
int fib(int n)
{
    if (n == 0)
    {
        return 0;
    }
    else
    {
        if (n == 1)
        {
            return 1;
        }
        else
        {
            return fib(n - 1) + fib(n - 2);
        }
    }
}

int main()
{
    return 0;
}
