// scc autogenerated file.

import scc.std;

int main()
{
    scc::std::println("hello world!");
    scc::std::println("hello\012wor\003ld!");
    return 0;
}
